ESP-ROM:esp32c6-20220919
Build:Sep 19 2022
rst:0x15 (USB_UART_HPSYS),boot:0xc (SPI_FAST_FLASH_BOOT)
Saved PC:0x40805c1a
SPIWP:0xee
mode:DIO, clock div:2
load:0x40875720,len:0x18ec
load:0x4086c110,len:0xd9c
load:0x4086e610,len:0x2f80
entry 0x4086c11a
[0;32mI (23) boot: ESP-IDF v5.3.2 2nd stage bootloader[0m
[0;32mI (23) boot: compile time Jul  3 2026 14:22:45[0m
[0;32mI (24) boot: chip revision: v0.1[0m
[0;32mI (24) boot: efuse block revision: v0.3[0m
[0;32mI (24) boot.esp32c6: SPI Speed      : 80MHz[0m
[0;32mI (25) boot.esp32c6: SPI Mode       : DIO[0m
[0;32mI (25) boot.esp32c6: SPI Flash Size : 4MB[0m
[0;32mI (26) boot: Enabling RNG early entropy source...[0m
[0;32mI (27) boot: Partition Table:[0m
[0;32mI (27) boot: ## Label            Usage          Type ST Offset   Length[0m
[0;32mI (28) boot:  0 nvs              WiFi data        01 02 00009000 00006000[0m
[0;32mI (29) boot:  1 otadata          OTA data         01 00 0000f000 00002000[0m
[0;32mI (30) boot:  2 phy_init         RF data          01 01 00011000 00001000[0m
[0;32mI (31) boot:  3 zb_storage       Unknown data     01 81 00012000 00004000[0m
[0;32mI (32) boot:  4 zb_fct           Unknown data     01 81 00016000 00000400[0m
[0;32mI (33) boot:  5 factory          factory app      00 00 00020000 00100000[0m
[0;32mI (34) boot: End of partition table[0m
[0;32mI (34) boot: Defaulting to factory image[0m
[0;32mI (35) esp_image: segment 0: paddr=00020020 vaddr=42020020 size=098c0h ( 39104) map[0m
[0;32mI (43) esp_image: segment 1: paddr=000298e8 vaddr=40800000 size=06730h ( 26416) load[0m
[0;32mI (50) esp_image: segment 2: paddr=00030020 vaddr=42000020 size=1b4f8h (111864) map[0m
[0;32mI (72) esp_image: segment 3: paddr=0004b520 vaddr=40806730 size=06e1ch ( 28188) load[0m
[0;32mI (78) esp_image: segment 4: paddr=00052344 vaddr=4080d550 size=01f30h (  7984) load[0m
[0;32mI (84) boot: Loaded app from partition at offset 0x20000[0m
[0;32mI (85) boot: Disabling RNG early entropy source...[0m
[0;32mI (86) cpu_start: Unicore app[0m
[0;32mI (95) cpu_start: Pro cpu start user code[0m
[0;32mI (95) cpu_start: cpu freq: 160000000 Hz[0m
[0;32mI (95) app_init: Application information:[0m
[0;32mI (96) app_init: Project name:     sniffer_probe[0m
[0;32mI (96) app_init: App version:      1[0m
[0;32mI (97) app_init: Compile time:     Jul  3 2026 14:22:41[0m
[0;32mI (98) app_init: ELF file SHA256:  9b32b0677...[0m
[0;32mI (98) app_init: ESP-IDF:          v5.3.2[0m
[0;32mI (99) efuse_init: Min chip rev:     v0.0[0m
[0;32mI (99) efuse_init: Max chip rev:     v0.99 [0m
[0;32mI (100) efuse_init: Chip rev:         v0.1[0m
[0;32mI (100) heap_init: Initializing. RAM available for dynamic allocation:[0m
[0;32mI (101) heap_init: At 408111A0 len 0006B470 (429 KiB): RAM[0m
[0;32mI (102) heap_init: At 4087C610 len 00002F54 (11 KiB): RAM[0m
[0;32mI (103) heap_init: At 50000000 len 00003FE8 (15 KiB): RTCRAM[0m
[0;32mI (105) spi_flash: detected chip: generic[0m
[0;32mI (105) spi_flash: flash io: dio[0m
[0;32mI (105) sleep: Configure to isolate all GPIO pins in sleep state[0m
[0;32mI (106) sleep: Enable automatic switching of GPIO sleep configuration[0m
[0;32mI (107) coexist: coex firmware version: cbb41d7[0m
[0;32mI (108) coexist: coexist rom version 5b8dcfa[0m
[0;32mI (109) main_task: Started on CPU0[0m
[0;32mI (109) main_task: Calling app_main()[0m
[0;32mI (109) phy_init: phy_version 320,348a293,Sep  3 2024,16:33:12[0m
[0;32mI (169) phy: libbtbb version: 04952fd, Sep  3 2024, 16:33:30[0m
[0;32mI (169) SNIFFER_PROBE: direct IEEE 802.15.4 sniffer active on Hue channel 25[0m
[0;32mI (169) SNIFFER_PROBE: commission or rejoin the real LCX004 now[0m
[0;32mI (169) main_task: Returned from app_main()[0m
ESP-ROM:esp32c6-20220919
Build:Sep 19 2022
rst:0x15 (USB_UART_HPSYS),boot:0x4 (DOWNLOAD(USB/UART0/SDIO_FEI_FEO))
Saved PC:0x40805c1a
waiting for download
