[0;32mI (530) ARGB_TO_HUE: Network(0xfb2f) is open for 40 seconds[0m
DATA: {"event":"factory_reset"}
ESP-ROM:esp32c6-20220919
Build:Sep 19 2022
rst:0xc (SW_CPU),boot:0xc (SPI_FAST_FLASH_BOOT)
Saved PC:0x4001975a
SPIWP:0xee
mode:DIO, clock div:2
load:0x40875720,len:0x18ec
load:0x4086c110,len:0xd9c
load:0x4086e610,len:0x2f80
entry 0x4086c11a
[0;32mI (22) boot: ESP-IDF v5.3.2 2nd stage bootloader[0m
[0;32mI (22) boot: compile time Jul  2 2026 21:46:20[0m
[0;32mI (23) boot: chip revision: v0.1[0m
[0;32mI (24) boot: efuse block revision: v0.3[0m
[0;32mI (25) boot.esp32c6: SPI Speed      : 80MHz[0m
[0;32mI (25) boot.esp32c6: SPI Mode       : DIO[0m
[0;32mI (26) boot.esp32c6: SPI Flash Size : 4MB[0m
[0;32mI (27) boot: Enabling RNG early entropy source...[0m
[0;32mI (28) boot: Partition Table:[0m
[0;32mI (29) boot: ## Label            Usage          Type ST Offset   Length[0m
[0;32mI (29) boot:  0 nvs              WiFi data        01 02 00009000 00006000[0m
[0;32mI (31) boot:  1 phy_init         RF data          01 01 0000f000 00001000[0m
[0;32mI (31) boot:  2 factory          factory app      00 00 00010000 000e1000[0m
[0;32mI (32) boot:  3 zb_storage       Unknown data     01 81 000f1000 00004000[0m
[0;32mI (33) boot:  4 zb_fct           Unknown data     01 81 000f5000 00000400[0m
[0;32mI (35) boot: End of partition table[0m
[0;32mI (35) esp_image: segment 0: paddr=00010020 vaddr=42080020 size=0f800h ( 63488) map[0m
[0;32mI (60) esp_image: segment 1: paddr=0001f828 vaddr=40800000 size=007f0h (  2032) load[0m
[0;32mI (63) esp_image: segment 2: paddr=00020020 vaddr=42000020 size=761d8h (483800) map[0m
[0;32mI (240) esp_image: segment 3: paddr=00096200 vaddr=408007f0 size=0cee0h ( 52960) load[0m
[0;32mI (263) esp_image: segment 4: paddr=000a30e8 vaddr=4080d6d0 size=02370h (  9072) load[0m
[0;32mI (275) boot: Loaded app from partition at offset 0x10000[0m
[0;32mI (275) boot: Disabling RNG early entropy source...[0m
[0;32mI (278) cpu_start: Unicore app[0m
[0;32mI (287) cpu_start: Pro cpu start user code[0m
[0;32mI (287) cpu_start: cpu freq: 160000000 Hz[0m
[0;32mI (287) app_init: Application information:[0m
[0;32mI (288) app_init: Project name:     argb_to_hue[0m
[0;32mI (289) app_init: App version:      1[0m
[0;32mI (289) app_init: Compile time:     Jul  2 2026 21:46:16[0m
[0;32mI (290) app_init: ELF file SHA256:  517d8b653...[0m
[0;32mI (290) app_init: ESP-IDF:          v5.3.2[0m
[0;32mI (291) efuse_init: Min chip rev:     v0.0[0m
[0;32mI (291) efuse_init: Max chip rev:     v0.99 [0m
[0;32mI (292) efuse_init: Chip rev:         v0.1[0m
[0;32mI (293) heap_init: Initializing. RAM available for dynamic allocation:[0m
[0;32mI (293) heap_init: At 40814870 len 00067DA0 (415 KiB): RAM[0m
[0;32mI (294) heap_init: At 4087C610 len 00002F54 (11 KiB): RAM[0m
[0;32mI (295) heap_init: At 50000000 len 00003FE8 (15 KiB): RTCRAM[0m
[0;32mI (297) spi_flash: detected chip: generic[0m
[0;32mI (297) spi_flash: flash io: dio[0m
[0;32mI (298) sleep: Configure to isolate all GPIO pins in sleep state[0m
[0;32mI (299) sleep: Enable automatic switching of GPIO sleep configuration[0m
[0;32mI (300) coexist: coex firmware version: cbb41d7[0m
[0;32mI (300) coexist: coexist rom version 5b8dcfa[0m
[0;32mI (301) main_task: Started on CPU0[0m
[0;32mI (301) main_task: Calling app_main()[0m
[0;32mI (301) phy_init: phy_version 320,348a293,Sep  3 2024,16:33:12[0m
[0;32mI (361) phy: libbtbb version: 04952fd, Sep  3 2024, 16:33:30[0m
[0;32mI (361) ARGB_TO_HUE: Node descriptor manufacturer code set to 0x100b[0m
FAKE_DESCRIPTOR: endpoint=11 profile=0x0104 device=0x010d version=1 server_clusters=[0x0000,0x0003,0x0004,0x0005,0x0006,0x0008,0x1000,0xfc03,0x0300,0xfc01,0xfc04] client_clusters=[0x0019]
[0;32mI (361) ARGB_TO_HUE: ZDO descriptor override enabled: endpoint list will advertise [11,242][0m
[0;32mI (371) main_task: Returned from app_main()[0m
[0;32mI (381) ARGB_TO_HUE: ZDO signal: ZDO Config Ready (0x17), status: ESP_FAIL[0m
[0;32mI (381) ARGB_TO_HUE: Initialize Zigbee stack[0m
[0;32mI (381) ARGB_TO_HUE: Deferred driver initialization successful[0m
[0;32mI (381) ARGB_TO_HUE: Device started up in  factory-reset mode[0m
[0;32mI (381) ARGB_TO_HUE: Start network steering[0m
[0;33mW (3771) ARGB_TO_HUE: Network(0xfb2f) closed, devices joining not allowed.[0m
[0;32mI (4251) ARGB_TO_HUE: Network(0xfb2f) is open for 35 seconds[0m
[0;32mI (4351) ARGB_TO_HUE: Network(0xfb2f) is open for 180 seconds[0m
[0;32mI (4351) ARGB_TO_HUE: Joined network successfully (Extended PAN ID: dd:75:8b:a8:25:de:8f:9f, PAN ID: 0xfb2f, Channel:25, Short Address: 0xc837)[0m
[0;32mI (9241) ARGB_TO_HUE: Network(0xfb2f) is open for 30 seconds[0m
[0;32mI (14241) ARGB_TO_HUE: Network(0xfb2f) is open for 25 seconds[0m
[0;32mI (19251) ARGB_TO_HUE: Network(0xfb2f) is open for 20 seconds[0m
[0;32mI (24251) ARGB_TO_HUE: Network(0xfb2f) is open for 15 seconds[0m
[0;32mI (29251) ARGB_TO_HUE: Network(0xfb2f) is open for 10 seconds[0m
[0;32mI (34251) ARGB_TO_HUE: Network(0xfb2f) is open for 5 seconds[0m
[0;33mW (39251) ARGB_TO_HUE: Network(0xfb2f) closed, devices joining not allowed.[0m
[0;33mW (39251) ARGB_TO_HUE: Network(0xfb2f) closed, devices joining not allowed.[0m
[0;32mI (51801) ARGB_TO_HUE: ZDO signal: NLME Status Indication (0x32), status: ESP_OK[0m
[0;32mI (73041) ARGB_TO_HUE: ZDO signal: NLME Status Indication (0x32), status: ESP_OK[0m
[0;32mI (83081) ARGB_TO_HUE: ZDO signal: NLME Status Indication (0x32), status: ESP_OK[0m
[0;32mI (85041) ARGB_TO_HUE: ZDO signal: ZDO Device Unavailable (0x3c), status: ESP_OK[0m
[0;32mI (94181) ARGB_TO_HUE: ZDO signal: NLME Status Indication (0x32), status: ESP_OK[0m
[0;32mI (116491) ARGB_TO_HUE: ZDO signal: NLME Status Indication (0x32), status: ESP_OK[0m
[0;32mI (119201) ARGB_TO_HUE: ZDO signal: NLME Status Indication (0x32), status: ESP_OK[0m
[0;32mI (119391) ARGB_TO_HUE: ZDO signal: NLME Status Indication (0x32), status: ESP_OK[0m
[0;32mI (119661) ARGB_TO_HUE: ZDO signal: NLME Status Indication (0x32), status: ESP_OK[0m
