[0;33mW (529) ARGB_TO_HUE: Receive Zigbee action(0x1f00) callback[0m
DATA: {"event":"factory_reset"}
[0;32mI (639) ARGB_TO_HUE: Network(0xfb2f) is open for 40 seconds[0m
ESP-ROM:esp32c6-20220919
Build:Sep 19 2022
rst:0xc (SW_CPU),boot:0xc (SPI_FAST_FLASH_BOOT)
Saved PC:0x4001975a
SPIWP:0xee
mode:DIO, clock div:2
load:0x40875720,len:0x18ec
load:0x4086c110,len:0xd9c
load:0x4086e610,len:0x2f80
entry 0x4086c11a
[0;32mI (22) boot: ESP-IDF v5.3.2 2nd stage bootloader[0m
[0;32mI (22) boot: compile time Jul  2 2026 21:46:20[0m
[0;32mI (23) boot: chip revision: v0.1[0m
[0;32mI (24) boot: efuse block revision: v0.3[0m
[0;32mI (24) boot.esp32c6: SPI Speed      : 80MHz[0m
[0;32mI (25) boot.esp32c6: SPI Mode       : DIO[0m
[0;32mI (26) boot.esp32c6: SPI Flash Size : 4MB[0m
[0;32mI (27) boot: Enabling RNG early entropy source...[0m
[0;32mI (28) boot: Partition Table:[0m
[0;32mI (29) boot: ## Label            Usage          Type ST Offset   Length[0m
[0;32mI (29) boot:  0 nvs              WiFi data        01 02 00009000 00006000[0m
[0;32mI (30) boot:  1 phy_init         RF data          01 01 0000f000 00001000[0m
[0;32mI (31) boot:  2 factory          factory app      00 00 00010000 000e1000[0m
[0;32mI (32) boot:  3 zb_storage       Unknown data     01 81 000f1000 00004000[0m
[0;32mI (34) boot:  4 zb_fct           Unknown data     01 81 000f5000 00000400[0m
[0;32mI (36) boot: End of partition table[0m
[0;32mI (36) esp_image: segment 0: paddr=00010020 vaddr=42080020 size=0f270h ( 62064) map[0m
[0;32mI (61) esp_image: segment 1: paddr=0001f298 vaddr=40800000 size=00d80h (  3456) load[0m
[0;32mI (63) esp_image: segment 2: paddr=00020020 vaddr=42000020 size=75138h (479544) map[0m
[0;32mI (239) esp_image: segment 3: paddr=00095160 vaddr=40800d80 size=0c950h ( 51536) load[0m
[0;32mI (262) esp_image: segment 4: paddr=000a1ab8 vaddr=4080d6d0 size=02370h (  9072) load[0m
[0;32mI (274) boot: Loaded app from partition at offset 0x10000[0m
[0;32mI (274) boot: Disabling RNG early entropy source...[0m
[0;32mI (277) cpu_start: Unicore app[0m
[0;32mI (286) cpu_start: Pro cpu start user code[0m
[0;32mI (286) cpu_start: cpu freq: 160000000 Hz[0m
[0;32mI (286) app_init: Application information:[0m
[0;32mI (287) app_init: Project name:     argb_to_hue[0m
[0;32mI (287) app_init: App version:      1[0m
[0;32mI (288) app_init: Compile time:     Jul  2 2026 21:46:16[0m
[0;32mI (289) app_init: ELF file SHA256:  dd145d5d7...[0m
[0;32mI (289) app_init: ESP-IDF:          v5.3.2[0m
[0;32mI (290) efuse_init: Min chip rev:     v0.0[0m
[0;32mI (290) efuse_init: Max chip rev:     v0.99 [0m
[0;32mI (291) efuse_init: Chip rev:         v0.1[0m
[0;32mI (292) heap_init: Initializing. RAM available for dynamic allocation:[0m
[0;32mI (292) heap_init: At 40814870 len 00067DA0 (415 KiB): RAM[0m
[0;32mI (293) heap_init: At 4087C610 len 00002F54 (11 KiB): RAM[0m
[0;32mI (294) heap_init: At 50000000 len 00003FE8 (15 KiB): RTCRAM[0m
[0;32mI (296) spi_flash: detected chip: generic[0m
[0;32mI (296) spi_flash: flash io: dio[0m
[0;32mI (297) sleep: Configure to isolate all GPIO pins in sleep state[0m
[0;32mI (298) sleep: Enable automatic switching of GPIO sleep configuration[0m
[0;32mI (298) coexist: coex firmware version: cbb41d7[0m
[0;32mI (299) coexist: coexist rom version 5b8dcfa[0m
[0;32mI (300) main_task: Started on CPU0[0m
[0;32mI (300) main_task: Calling app_main()[0m
[0;32mI (300) phy_init: phy_version 320,348a293,Sep  3 2024,16:33:12[0m
[0;33mW (350) phy_init: saving new calibration data because of checksum failure, mode(0)[0m
[0;32mI (360) main_task: Returned from app_main()[0m
[0;32mI (370) phy: libbtbb version: 04952fd, Sep  3 2024, 16:33:30[0m
[0;32mI (380) ARGB_TO_HUE: Node descriptor manufacturer code set to 0x100b[0m
FAKE_DESCRIPTOR: endpoint=11 profile=0x0104 device=0x010d version=1 server_clusters=[0x0000,0x0003,0x0004,0x0005,0x0006,0x0008,0x1000,0xfc03,0x0300,0xfc01,0xfc04] client_clusters=[0x0019]
[0;32mI (380) ARGB_TO_HUE: ZDO descriptor override enabled: endpoint list will advertise [11,242][0m
[0;32mI (380) ARGB_TO_HUE: ZDO signal: ZDO Config Ready (0x17), status: ESP_FAIL[0m
[0;32mI (380) ARGB_TO_HUE: Initialize Zigbee stack[0m
[0;32mI (390) ARGB_TO_HUE: Deferred driver initialization successful[0m
[0;32mI (390) ARGB_TO_HUE: Device started up in  factory-reset mode[0m
[0;32mI (390) ARGB_TO_HUE: Start network steering[0m
[0;33mW (3770) ARGB_TO_HUE: Network(0xfb2f) closed, devices joining not allowed.[0m
[0;32mI (4260) ARGB_TO_HUE: Network(0xfb2f) is open for 35 seconds[0m
[0;32mI (4360) ARGB_TO_HUE: Network(0xfb2f) is open for 180 seconds[0m
[0;32mI (4360) ARGB_TO_HUE: Joined network successfully (Extended PAN ID: dd:75:8b:a8:25:de:8f:9f, PAN ID: 0xfb2f, Channel:25, Short Address: 0x1a1a)[0m
[0;32mI (9250) ARGB_TO_HUE: Network(0xfb2f) is open for 30 seconds[0m
[0;32mI (14250) ARGB_TO_HUE: Network(0xfb2f) is open for 25 seconds[0m
[0;32mI (19250) ARGB_TO_HUE: Network(0xfb2f) is open for 20 seconds[0m
[0;32mI (24270) ARGB_TO_HUE: Network(0xfb2f) is open for 15 seconds[0m
[0;32mI (29270) ARGB_TO_HUE: Network(0xfb2f) is open for 10 seconds[0m
[0;32mI (34260) ARGB_TO_HUE: Network(0xfb2f) is open for 5 seconds[0m
[0;33mW (39260) ARGB_TO_HUE: Network(0xfb2f) closed, devices joining not allowed.[0m
[0;33mW (39260) ARGB_TO_HUE: Network(0xfb2f) closed, devices joining not allowed.[0m
[0;32mI (42730) ARGB_TO_HUE: ZDO signal: NLME Status Indication (0x32), status: ESP_OK[0m
[0;32mI (72000) ARGB_TO_HUE: ZDO signal: NLME Status Indication (0x32), status: ESP_OK[0m
[0;32mI (79070) ARGB_TO_HUE: ZDO signal: NLME Status Indication (0x32), status: ESP_OK[0m
[0;32mI (100430) ARGB_TO_HUE: ZDO signal: NLME Status Indication (0x32), status: ESP_OK[0m
